
> expense-tracker@0.1.0 test
> react-scripts test --testNamePattern=renders AnalyticsPage

